<testsuites name="jest tests" tests="1" failures="0" time="0.685">
  <testsuite name="undefined" errors="0" failures="0" skipped="0" timestamp="2020-07-19T08:57:22" time="0.685" tests="1">
    <testcase classname=" renders without crashing" name=" renders without crashing" time="0.023">
    </testcase>
  </testsuite>
</testsuites>